// Vitest Snapshot v1, https://vitest.dev/guide/snapshot.html

exports[`should keep exports stable 1`] = `
{
  "DeletePropertyKind": {
    "FoundAndOnlyOne": "FoundAndOnlyOne",
    "FoundAtMiddle": "FoundAtMiddle",
    "FoundAtStart": "FoundAtStart",
    "NotFound": "NotFound",
  },
  "JSONBuilder": [Function],
  "Package": [Function],
  "SetPropertyKind": {
    "Add": "Add",
    "ParentNotFound": "ParentNotFound",
    "ParentNotObject": "ParentNotObject",
    "Update": "Update",
  },
  "detectDeletePropertyPosition": [Function],
  "detectSetPropertyPosition": [Function],
  "getIn": [Function],
  "hasIn": [Function],
}
`;
